
> frontend@0.1.0 start
> react-scripts start

Starting the development server...

Compiled successfully!

You can now view frontend in the browser.

  Local:            http://localhost:3001
  On Your Network:  http://10.189.119.53:3001

Note that the development build is not optimized.
To create a production build, use npm run build.

webpack compiled [1m[32msuccessfully[39m[22m
Compiling...
Compiled successfully!
webpack compiled [1m[32msuccessfully[39m[22m
Compiling...
Compiled with warnings.

[eslint] 
src\App.js
  Line 6:8:    'ToastCenter' is defined but never used         no-unused-vars
  Line 45:10:  'toasts' is assigned a value but never used     no-unused-vars
  Line 45:18:  'setToasts' is assigned a value but never used  no-unused-vars

Search for the keywords to learn more about each warning.
To ignore, add // eslint-disable-next-line to the line before.

[1m[33mWARNING[39m[22m in [1m[eslint] 
src\App.js
  Line 6:8:    'ToastCenter' is defined but never used         no-unused-vars
  Line 45:10:  'toasts' is assigned a value but never used     no-unused-vars
  Line 45:18:  'setToasts' is assigned a value but never used  no-unused-vars

[39m[22m

webpack compiled with [1m[33m1 warning[39m[22m
Compiling...
Compiled with warnings.

[eslint] 
src\App.js
  Line 6:8:    'ToastCenter' is defined but never used                  no-unused-vars
  Line 98:9:   'confirmToast' is assigned a value but never used        no-unused-vars
  Line 106:9:  'handleToastConfirm' is assigned a value but never used  no-unused-vars
  Line 123:9:  'handleToastCancel' is assigned a value but never used   no-unused-vars

Search for the keywords to learn more about each warning.
To ignore, add // eslint-disable-next-line to the line before.

[1m[33mWARNING[39m[22m in [1m[eslint] 
src\App.js
  Line 6:8:    'ToastCenter' is defined but never used                  no-unused-vars
  Line 98:9:   'confirmToast' is assigned a value but never used        no-unused-vars
  Line 106:9:  'handleToastConfirm' is assigned a value but never used  no-unused-vars
  Line 123:9:  'handleToastCancel' is assigned a value but never used   no-unused-vars

[39m[22m

webpack compiled with [1m[33m1 warning[39m[22m
Compiling...
Compiled with warnings.

[eslint] 
src\App.js
  Line 6:8:    'ToastCenter' is defined but never used                  no-unused-vars
  Line 106:9:  'handleToastConfirm' is assigned a value but never used  no-unused-vars
  Line 123:9:  'handleToastCancel' is assigned a value but never used   no-unused-vars

Search for the keywords to learn more about each warning.
To ignore, add // eslint-disable-next-line to the line before.

[1m[33mWARNING[39m[22m in [1m[eslint] 
src\App.js
  Line 6:8:    'ToastCenter' is defined but never used                  no-unused-vars
  Line 106:9:  'handleToastConfirm' is assigned a value but never used  no-unused-vars
  Line 123:9:  'handleToastCancel' is assigned a value but never used   no-unused-vars

[39m[22m

webpack compiled with [1m[33m1 warning[39m[22m
Compiling...
Compiled with warnings.

[eslint] 
src\App.js
  Line 6:8:    'ToastCenter' is defined but never used                  no-unused-vars
  Line 106:9:  'handleToastConfirm' is assigned a value but never used  no-unused-vars
  Line 123:9:  'handleToastCancel' is assigned a value but never used   no-unused-vars

Search for the keywords to learn more about each warning.
To ignore, add // eslint-disable-next-line to the line before.

[1m[33mWARNING[39m[22m in [1m[eslint] 
src\App.js
  Line 6:8:    'ToastCenter' is defined but never used                  no-unused-vars
  Line 106:9:  'handleToastConfirm' is assigned a value but never used  no-unused-vars
  Line 123:9:  'handleToastCancel' is assigned a value but never used   no-unused-vars

[39m[22m

webpack compiled with [1m[33m1 warning[39m[22m
Compiling...
Compiled successfully!
webpack compiled [1m[32msuccessfully[39m[22m
Compiling...
Compiled successfully!
webpack compiled [1m[32msuccessfully[39m[22m
Compiling...
Compiled successfully!
webpack compiled [1m[32msuccessfully[39m[22m
Compiling...
Compiled successfully!
webpack compiled [1m[32msuccessfully[39m[22m
Compiling...
Compiled successfully!
webpack compiled [1m[32msuccessfully[39m[22m
Compiling...
Compiled successfully!
webpack compiled [1m[32msuccessfully[39m[22m
Compiling...
Compiled successfully!
webpack compiled [1m[32msuccessfully[39m[22m
Compiling...
Compiled successfully!
webpack compiled [1m[32msuccessfully[39m[22m
Compiling...
Compiled successfully!
webpack compiled [1m[32msuccessfully[39m[22m
Compiling...
Compiled successfully!
webpack compiled [1m[32msuccessfully[39m[22m
Compiling...
Compiled successfully!
webpack compiled [1m[32msuccessfully[39m[22m
Compiling...
Compiled successfully!
webpack compiled [1m[32msuccessfully[39m[22m
Compiling...
Compiled successfully!
webpack compiled [1m[32msuccessfully[39m[22m
Compiling...
Compiled successfully!
webpack compiled [1m[32msuccessfully[39m[22m
Compiling...
Compiled successfully!
webpack compiled [1m[32msuccessfully[39m[22m
Compiling...
Compiled successfully!
webpack compiled [1m[32msuccessfully[39m[22m
Compiling...
Compiled successfully!
webpack compiled [1m[32msuccessfully[39m[22m
Compiling...
Compiled successfully!
webpack compiled [1m[32msuccessfully[39m[22m
Compiling...
Compiled successfully!
webpack compiled [1m[32msuccessfully[39m[22m
Compiling...
Compiled successfully!
webpack compiled [1m[32msuccessfully[39m[22m
Compiling...
Compiled successfully!
webpack compiled [1m[32msuccessfully[39m[22m
Compiling...
Compiled successfully!
webpack compiled [1m[32msuccessfully[39m[22m
Compiling...
Compiled successfully!
webpack compiled [1m[32msuccessfully[39m[22m
Compiling...
Compiled successfully!
webpack compiled [1m[32msuccessfully[39m[22m
Compiling...
Compiled successfully!
webpack compiled [1m[32msuccessfully[39m[22m
Compiling...
Compiled successfully!
webpack compiled [1m[32msuccessfully[39m[22m
Compiling...
Compiled with warnings.

[eslint] 
src\pages\cashier\cashier_pages\CashierDashboard.js
  Line 3:8:  'config' is defined but never used  no-unused-vars

Search for the keywords to learn more about each warning.
To ignore, add // eslint-disable-next-line to the line before.

[1m[33mWARNING[39m[22m in [1m[eslint] 
src\pages\cashier\cashier_pages\CashierDashboard.js
  Line 3:8:  'config' is defined but never used  no-unused-vars

[39m[22m

webpack compiled with [1m[33m1 warning[39m[22m
Compiling...
Compiled with warnings.

[eslint] 
src\pages\cashier\cashier_pages\CashierDashboard.js
  Line 3:8:  'config' is defined but never used  no-unused-vars

src\pages\cashier\cashier_pages\CashierManualBillingPage.js
  Line 2:8:  'config' is defined but never used  no-unused-vars

Search for the keywords to learn more about each warning.
To ignore, add // eslint-disable-next-line to the line before.

[1m[33mWARNING[39m[22m in [1m[eslint] 
src\pages\cashier\cashier_pages\CashierDashboard.js
  Line 3:8:  'config' is defined but never used  no-unused-vars

src\pages\cashier\cashier_pages\CashierManualBillingPage.js
  Line 2:8:  'config' is defined but never used  no-unused-vars

[39m[22m

webpack compiled with [1m[33m1 warning[39m[22m
Compiling...
Compiled with warnings.

[eslint] 
src\pages\cashier\cashier_pages\CashierManualBillingPage.js
  Line 2:8:  'config' is defined but never used  no-unused-vars

Search for the keywords to learn more about each warning.
To ignore, add // eslint-disable-next-line to the line before.

[1m[33mWARNING[39m[22m in [1m[eslint] 
src\pages\cashier\cashier_pages\CashierManualBillingPage.js
  Line 2:8:  'config' is defined but never used  no-unused-vars

[39m[22m

webpack compiled with [1m[33m1 warning[39m[22m
Compiling...
Compiled successfully!
webpack compiled [1m[32msuccessfully[39m[22m
Compiling...
Compiled successfully!
webpack compiled [1m[32msuccessfully[39m[22m
Compiling...
Compiled successfully!
webpack compiled [1m[32msuccessfully[39m[22m
Compiling...
Compiled successfully!
webpack compiled [1m[32msuccessfully[39m[22m
Compiling...
Compiled successfully!
webpack compiled [1m[32msuccessfully[39m[22m
Compiling...
Compiled successfully!
webpack compiled [1m[32msuccessfully[39m[22m
Compiling...
Compiled successfully!
webpack compiled [1m[32msuccessfully[39m[22m
Compiling...
Compiled successfully!
webpack compiled [1m[32msuccessfully[39m[22m
Compiling...
Compiled successfully!
webpack compiled [1m[32msuccessfully[39m[22m
Compiling...
Compiled successfully!
webpack compiled [1m[32msuccessfully[39m[22m
Compiling...
Compiled successfully!
webpack compiled [1m[32msuccessfully[39m[22m
Compiling...
Compiled successfully!
webpack compiled [1m[32msuccessfully[39m[22m
Compiling...
Compiled successfully!
webpack compiled [1m[32msuccessfully[39m[22m
Compiling...
Compiled successfully!
webpack compiled [1m[32msuccessfully[39m[22m
Compiling...
Compiled successfully!
webpack compiled [1m[32msuccessfully[39m[22m
Compiling...
Compiled with warnings.

[eslint] 
src\components\BillingAnalyticsDashboard.js
  Line 52:10:  'compactMoney' is defined but never used  no-unused-vars

Search for the keywords to learn more about each warning.
To ignore, add // eslint-disable-next-line to the line before.

[1m[33mWARNING[39m[22m in [1m[eslint] 
src\components\BillingAnalyticsDashboard.js
  Line 52:10:  'compactMoney' is defined but never used  no-unused-vars

[39m[22m

webpack compiled with [1m[33m1 warning[39m[22m
Compiling...
Compiled with warnings.

[eslint] 
src\components\BillingAnalyticsDashboard.js
  Line 52:10:  'compactMoney' is defined but never used  no-unused-vars

Search for the keywords to learn more about each warning.
To ignore, add // eslint-disable-next-line to the line before.

[1m[33mWARNING[39m[22m in [1m[eslint] 
src\components\BillingAnalyticsDashboard.js
  Line 52:10:  'compactMoney' is defined but never used  no-unused-vars

[39m[22m

webpack compiled with [1m[33m1 warning[39m[22m
Compiling...
Compiled successfully!
webpack compiled [1m[32msuccessfully[39m[22m
Compiling...
Compiled successfully!
webpack compiled [1m[32msuccessfully[39m[22m
Compiling...
Compiled successfully!
webpack compiled [1m[32msuccessfully[39m[22m
Compiling...
Compiled successfully!
webpack compiled [1m[32msuccessfully[39m[22m
Compiling...
Compiled successfully!
webpack compiled [1m[32msuccessfully[39m[22m
Compiling...
Compiled successfully!
webpack compiled [1m[32msuccessfully[39m[22m
Compiling...
Compiled successfully!
webpack compiled [1m[32msuccessfully[39m[22m
Compiling...
Compiled successfully!
webpack compiled [1m[32msuccessfully[39m[22m
Compiling...
Failed to compile.

[eslint] 
src\config\config.js
Syntax error: Unexpected token (25:0) (25:undefined)
[1m[31mERROR[39m[22m in [1m./src/config/config.js[39m[22m
Module build failed (from ./node_modules/babel-loader/lib/index.js):
SyntaxError: H:\Apna Cafe\frontend\src\config\config.js: Unexpected token (25:0)

[0m [90m 23 |[39m   }
 [90m 24 |[39m }
[31m[1m>[22m[39m[90m 25 |[39m }[33m;[39m
 [90m    |[39m [31m[1m^[22m[39m
 [90m 26 |[39m
 [90m 27 |[39m [36mexport[39m [36mdefault[39m config[33m;[39m
 [90m 28 |[39m[0m
    at constructor (H:\Apna Cafe\frontend\node_modules\@babel\parser\lib\index.js:365:19)
    at FlowParserMixin.raise (H:\Apna Cafe\frontend\node_modules\@babel\parser\lib\index.js:6616:19)
    at FlowParserMixin.unexpected (H:\Apna Cafe\frontend\node_modules\@babel\parser\lib\index.js:6636:16)
    at FlowParserMixin.parseExprAtom (H:\Apna Cafe\frontend\node_modules\@babel\parser\lib\index.js:11459:22)
    at FlowParserMixin.parseExprAtom (H:\Apna Cafe\frontend\node_modules\@babel\parser\lib\index.js:4776:20)
    at FlowParserMixin.parseExprSubscripts (H:\Apna Cafe\frontend\node_modules\@babel\parser\lib\index.js:11098:23)
    at FlowParserMixin.parseUpdate (H:\Apna Cafe\frontend\node_modules\@babel\parser\lib\index.js:11083:21)
    at FlowParserMixin.parseMaybeUnary (H:\Apna Cafe\frontend\node_modules\@babel\parser\lib\index.js:11063:23)
    at FlowParserMixin.parseMaybeUnaryOrPrivate (H:\Apna Cafe\frontend\node_modules\@babel\parser\lib\index.js:10916:61)
    at FlowParserMixin.parseExprOps (H:\Apna Cafe\frontend\node_modules\@babel\parser\lib\index.js:10921:23)
    at FlowParserMixin.parseMaybeConditional (H:\Apna Cafe\frontend\node_modules\@babel\parser\lib\index.js:10898:23)
    at FlowParserMixin.parseMaybeAssign (H:\Apna Cafe\frontend\node_modules\@babel\parser\lib\index.js:10848:21)
    at FlowParserMixin.parseMaybeAssign (H:\Apna Cafe\frontend\node_modules\@babel\parser\lib\index.js:3561:18)
    at FlowParserMixin.parseExpressionBase (H:\Apna Cafe\frontend\node_modules\@babel\parser\lib\index.js:10801:23)
    at H:\Apna Cafe\frontend\node_modules\@babel\parser\lib\index.js:10797:39
    at FlowParserMixin.allowInAnd (H:\Apna Cafe\frontend\node_modules\@babel\parser\lib\index.js:12438:16)
    at FlowParserMixin.parseExpression (H:\Apna Cafe\frontend\node_modules\@babel\parser\lib\index.js:10797:17)
    at FlowParserMixin.parseStatementContent (H:\Apna Cafe\frontend\node_modules\@babel\parser\lib\index.js:12912:23)
    at FlowParserMixin.parseStatementLike (H:\Apna Cafe\frontend\node_modules\@babel\parser\lib\index.js:12784:17)
    at FlowParserMixin.parseStatementLike (H:\Apna Cafe\frontend\node_modules\@babel\parser\lib\index.js:2930:24)
    at FlowParserMixin.parseModuleItem (H:\Apna Cafe\frontend\node_modules\@babel\parser\lib\index.js:12761:17)
    at FlowParserMixin.parseBlockOrModuleBlockBody (H:\Apna Cafe\frontend\node_modules\@babel\parser\lib\index.js:13333:36)
    at FlowParserMixin.parseBlockBody (H:\Apna Cafe\frontend\node_modules\@babel\parser\lib\index.js:13326:10)
    at FlowParserMixin.parseProgram (H:\Apna Cafe\frontend\node_modules\@babel\parser\lib\index.js:12639:10)
    at FlowParserMixin.parseTopLevel (H:\Apna Cafe\frontend\node_modules\@babel\parser\lib\index.js:12629:25)
    at FlowParserMixin.parseTopLevel (H:\Apna Cafe\frontend\node_modules\@babel\parser\lib\index.js:3697:28)
    at FlowParserMixin.parse (H:\Apna Cafe\frontend\node_modules\@babel\parser\lib\index.js:14505:25)
    at parse (H:\Apna Cafe\frontend\node_modules\@babel\parser\lib\index.js:14539:38)
    at parser (H:\Apna Cafe\frontend\node_modules\@babel\core\lib\parser\index.js:41:34)
    at parser.next (<anonymous>)
    at normalizeFile (H:\Apna Cafe\frontend\node_modules\@babel\core\lib\transformation\normalize-file.js:64:37)
    at normalizeFile.next (<anonymous>)
    at run (H:\Apna Cafe\frontend\node_modules\@babel\core\lib\transformation\index.js:22:50)
    at run.next (<anonymous>)
    at transform (H:\Apna Cafe\frontend\node_modules\@babel\core\lib\transform.js:22:33)
    at transform.next (<anonymous>)
    at step (H:\Apna Cafe\frontend\node_modules\gensync\index.js:261:32)
    at H:\Apna Cafe\frontend\node_modules\gensync\index.js:273:13
    at async.call.result.err.err (H:\Apna Cafe\frontend\node_modules\gensync\index.js:223:11)

[1m[31mERROR[39m[22m in [1m[eslint] 
src\config\config.js
  Line 25:  Parsing [1m[31merror[39m[22m[1m: [1m[31mUnexpected[39m[22m[1m token (25:0)

[39m[22m

webpack compiled with [1m[31m2 errors[39m[22m
Compiling...
Compiled successfully!
webpack compiled [1m[32msuccessfully[39m[22m
Compiling...
Compiled successfully!
webpack compiled [1m[32msuccessfully[39m[22m
Compiling...
